{\rtf1\ansi\ansicpg1252\cocoartf1504\cocoasubrtf810
{\fonttbl\f0\fnil\fcharset0 Menlo-Regular;}
{\colortbl;\red255\green255\blue255;\red0\green0\blue0;\red255\green255\blue255;\red180\green36\blue25;
\red47\green180\blue29;}
{\*\expandedcolortbl;;\csgray\c0;\csgray\c100000;\cssrgb\c76409\c21698\c12524;
\cssrgb\c20238\c73898\c14947;}
\margl1440\margr1440\vieww10800\viewh8400\viewkind0
\pard\tx560\tx1120\tx1680\tx2240\tx2800\tx3360\tx3920\tx4480\tx5040\tx5600\tx6160\tx6720\pardirnatural\partightenfactor0

\f0\fs22 \cf2 \cb3 \CocoaLigature0 Claires-MacBook-Pro-2:gittest clairekramer$ pwd\
/Users/clairekramer/desktop/gittest\
Claires-MacBook-Pro-2:gittest clairekramer$ cd ..\
Claires-MacBook-Pro-2:desktop clairekramer$ cd DojoAssignments\
Claires-MacBook-Pro-2:DojoAssignments clairekramer$ git init\
Initialized empty Git repository in /Users/clairekramer/Desktop/DojoAssignments/.git/\
Claires-MacBook-Pro-2:DojoAssignments clairekramer$ git add DojoAssignments\
fatal: pathspec 'DojoAssignments' did not match any files\
Claires-MacBook-Pro-2:DojoAssignments clairekramer$ git remote add DojoAssignments\
usage: git remote add [<options>] <name> <url>\
\
    -f, --fetch           fetch the remote branches\
    --tags                import all tags and associated objects when fetching\
                          or do not fetch any tag at all (--no-tags)\
    -t, --track <branch>  branch(es) to track\
    -m, --master <branch>\
                          master branch\
    --mirror[=<push|fetch>]\
                          set up remote as a mirror to push to or fetch from\
\
Claires-MacBook-Pro-2:DojoAssignments clairekramer$ touch readme.md\
Claires-MacBook-Pro-2:DojoAssignments clairekramer$ open readme.md\
Claires-MacBook-Pro-2:DojoAssignments clairekramer$ open /Users/clairekramer/Desktop/DojoAssignemnts/aboutme.md\
The file /Users/clairekramer/Desktop/DojoAssignemnts/aboutme.md does not exist.\
Claires-MacBook-Pro-2:DojoAssignments clairekramer$ git status\
On branch master\
\
Initial commit\
\
Untracked files:\
  (use "git add <file>..." to include in what will be committed)\
\
	\cf4 .DS_Store\cf2 \
	\cf4 MEAN/\cf2 \
	\cf4 Python/\cf2 \
	\cf4 Ruby/\cf2 \
	\cf4 WebFundamentals/\cf2 \
	\cf4 iOS/\cf2 \
	\cf4 netCore/\cf2 \
	\cf4 readme.md\cf2 \
\
nothing added to commit but untracked files present (use "git add" to track)\
Claires-MacBook-Pro-2:DojoAssignments clairekramer$ git add DojoAssignments\
fatal: pathspec 'DojoAssignments' did not match any files\
Claires-MacBook-Pro-2:DojoAssignments clairekramer$ git add aboutme.md\
fatal: pathspec 'aboutme.md' did not match any files\
Claires-MacBook-Pro-2:DojoAssignments clairekramer$ cd ..\
Claires-MacBook-Pro-2:desktop clairekramer$ git add DojoAssignments\
fatal: Not a git repository (or any of the parent directories): .git\
Claires-MacBook-Pro-2:desktop clairekramer$ cd DojoAssignments\
Claires-MacBook-Pro-2:DojoAssignments clairekramer$ git commit -m "add aboutme"\
On branch master\
\
Initial commit\
\
Untracked files:\
	\cf4 .DS_Store\cf2 \
	\cf4 MEAN/\cf2 \
	\cf4 Python/\cf2 \
	\cf4 Ruby/\cf2 \
	\cf4 WebFundamentals/\cf2 \
	\cf4 iOS/\cf2 \
	\cf4 netCore/\cf2 \
	\cf4 readme.md\cf2 \
\
nothing added to commit but untracked files present\
Claires-MacBook-Pro-2:DojoAssignments clairekramer$ git commit -a\
On branch master\
\
Initial commit\
\
Untracked files:\
	\cf4 .DS_Store\cf2 \
	\cf4 MEAN/\cf2 \
	\cf4 Python/\cf2 \
	\cf4 Ruby/\cf2 \
	\cf4 WebFundamentals/\cf2 \
	\cf4 iOS/\cf2 \
	\cf4 netCore/\cf2 \
	\cf4 readme.md\cf2 \
\
nothing added to commit but untracked files present\
Claires-MacBook-Pro-2:DojoAssignments clairekramer$ git add .DS_Store\
Claires-MacBook-Pro-2:DojoAssignments clairekramer$ git add MEAN/\
Claires-MacBook-Pro-2:DojoAssignments clairekramer$ git add Python/\
Claires-MacBook-Pro-2:DojoAssignments clairekramer$ git add Ruby/\
Claires-MacBook-Pro-2:DojoAssignments clairekramer$ git add WebFundamentals/\
Claires-MacBook-Pro-2:DojoAssignments clairekramer$ git add iOS/\
Claires-MacBook-Pro-2:DojoAssignments clairekramer$ git add netCore/\
Claires-MacBook-Pro-2:DojoAssignments clairekramer$ git add readme.md\
Claires-MacBook-Pro-2:DojoAssignments clairekramer$ git status\
On branch master\
\
Initial commit\
\
Changes to be committed:\
  (use "git rm --cached <file>..." to unstage)\
\
	\cf5 new file:   .DS_Store\cf2 \
	\cf5 new file:   MEAN/about.txt\cf2 \
	\cf5 new file:   Python/about.txt\cf2 \
	\cf5 new file:   Ruby/about.txt\cf2 \
	\cf5 new file:   WebFundamentals/.DS_Store\cf2 \
	\cf5 new file:   WebFundamentals/CSS/.DS_Store\cf2 \
	\cf5 new file:   WebFundamentals/CSS/JavaScript Basics/.DS_Store\cf2 \
	\cf5 new file:   WebFundamentals/CSS/JavaScript Basics/JS_Basics.css\cf2 \
	\cf5 new file:   WebFundamentals/CSS/JavaScript Basics/JS_Basics.html\cf2 \
	\cf5 new file:   WebFundamentals/CSS/JavaScript Basics/JS_BasicsII.css\cf2 \
	\cf5 new file:   WebFundamentals/CSS/JavaScript Basics/JavaScript Basics.zip\cf2 \
	\cf5 new file:   WebFundamentals/CSS/PlottingYourBlocks/.DS_Store\cf2 \
	\cf5 new file:   WebFundamentals/CSS/PlottingYourBlocks/PlottingYourBlocks.css\cf2 \
	\cf5 new file:   WebFundamentals/CSS/PlottingYourBlocks/PlottingYourBlocks.html\cf2 \
	\cf5 new file:   WebFundamentals/CSS/PlottingYourBlocks/PlottingYourBlocks.zip\cf2 \
	\cf5 new file:   WebFundamentals/CSS/about.txt\cf2 \
	\cf5 new file:   WebFundamentals/Git/.DS_Store\cf2 \
	\cf5 new file:   WebFundamentals/Git/Using_Terminal_Commands\cf2 \
	\cf5 new file:   WebFundamentals/Git/about.txt\cf2 \
	\cf5 new file:   WebFundamentals/Git/assignments.txt\cf2 \
	\cf5 new file:   WebFundamentals/Git/learningtocommit.txt\cf2 \
	\cf5 new file:   WebFundamentals/HTML/.DS_Store\cf2 \
	\cf5 new file:   WebFundamentals/HTML/Basic_I.html\cf2 \
	\cf5 new file:   WebFundamentals/HTML/Basic_II.html\cf2 \
	\cf5 new file:   WebFundamentals/HTML/FakeBlog.html\cf2 \
	\cf5 new file:   WebFundamentals/HTML/My_Registration_Form.html\cf2 \
	\cf5 new file:   WebFundamentals/HTML/Registration_Form_Ex.html\cf2 \
	\cf5 new file:   WebFundamentals/HTML/about.txt\cf2 \
	\cf5 new file:   WebFundamentals/HTML/hello_world.html\cf2 \
	\cf5 new file:   WebFundamentals/HTML/indentation.html\cf2 \
	\cf5 new file:   WebFundamentals/JavaScript/about.txt\cf2 \
	\cf5 new file:   WebFundamentals/about.txt\cf2 \
	\cf5 new file:   iOS/about.txt\cf2 \
	\cf5 new file:   netCore/about.txt\cf2 \
	\cf5 new file:   readme.md\cf2 \
\
Claires-MacBook-Pro-2:DojoAssignments clairekramer$ git commit -m "setting up repo"\
[master (root-commit) de8269d] setting up repo\
 35 files changed, 946 insertions(+)\
 create mode 100644 .DS_Store\
 create mode 100644 MEAN/about.txt\
 create mode 100644 Python/about.txt\
 create mode 100644 Ruby/about.txt\
 create mode 100644 WebFundamentals/.DS_Store\
 create mode 100644 WebFundamentals/CSS/.DS_Store\
 create mode 100644 WebFundamentals/CSS/JavaScript Basics/.DS_Store\
 create mode 100644 WebFundamentals/CSS/JavaScript Basics/JS_Basics.css\
 create mode 100644 WebFundamentals/CSS/JavaScript Basics/JS_Basics.html\
 create mode 100644 WebFundamentals/CSS/JavaScript Basics/JS_BasicsII.css\
 create mode 100644 WebFundamentals/CSS/JavaScript Basics/JavaScript Basics.zip\
 create mode 100644 WebFundamentals/CSS/PlottingYourBlocks/.DS_Store\
 create mode 100644 WebFundamentals/CSS/PlottingYourBlocks/PlottingYourBlocks.css\
 create mode 100644 WebFundamentals/CSS/PlottingYourBlocks/PlottingYourBlocks.html\
 create mode 100644 WebFundamentals/CSS/PlottingYourBlocks/PlottingYourBlocks.zip\
 create mode 100644 WebFundamentals/CSS/about.txt\
 create mode 100644 WebFundamentals/Git/.DS_Store\
 create mode 100644 WebFundamentals/Git/Using_Terminal_Commands\
 create mode 100644 WebFundamentals/Git/about.txt\
 create mode 100644 WebFundamentals/Git/assignments.txt\
 create mode 100644 WebFundamentals/Git/learningtocommit.txt\
 create mode 100644 WebFundamentals/HTML/.DS_Store\
 create mode 100644 WebFundamentals/HTML/Basic_I.html\
 create mode 100644 WebFundamentals/HTML/Basic_II.html\
 create mode 100644 WebFundamentals/HTML/FakeBlog.html\
 create mode 100644 WebFundamentals/HTML/My_Registration_Form.html\
 create mode 100644 WebFundamentals/HTML/Registration_Form_Ex.html\
 create mode 100644 WebFundamentals/HTML/about.txt\
 create mode 100644 WebFundamentals/HTML/hello_world.html\
 create mode 100644 WebFundamentals/HTML/indentation.html\
 create mode 100644 WebFundamentals/JavaScript/about.txt\
 create mode 100644 WebFundamentals/about.txt\
 create mode 100644 iOS/about.txt\
 create mode 100644 netCore/about.txt\
 create mode 100644 readme.md\
Claires-MacBook-Pro-2:DojoAssignments clairekramer$ }